[demo.themesberg.com/volt-pro/pages/dashboard/dashboard.html]
[backblue.gif]
[fade.gif]
[index.html]
[themesberg.s3.us-east-2.amazonaws.com/public/products/volt-pro-bootstrap-5-dashboard/volt-pro-preview.jpg]
[demo.themesberg.com/volt-pro/assets/img/favicon/apple-touch-icon.png]
[demo.themesberg.com/volt-pro/assets/img/favicon/favicon-32x32.png]
[demo.themesberg.com/volt-pro/assets/img/favicon/favicon-16x16.png]
[demo.themesberg.com/volt-pro/vendor/sweetalert2/dist/sweetalert2.min.css]
[demo.themesberg.com/volt-pro/vendor/notyf/notyf.min.css]
[demo.themesberg.com/volt-pro/vendor/fullcalendar/main.min.css]
[demo.themesberg.com/volt-pro/vendor/apexcharts/dist/apexcharts.css]
[demo.themesberg.com/volt-pro/vendor/dropzone/dist/min/dropzone.min.css]
[demo.themesberg.com/volt-pro/vendor/choices.js/public/assets/styles/choices.min.css]
[demo.themesberg.com/volt-pro/vendor/leaflet/dist/leaflet.css]
[demo.themesberg.com/volt-pro/css/volt.css]
[demo.themesberg.com/volt-pro/assets/img/team/profile-picture-3.jpg]
[demo.themesberg.com/volt-pro/pages/dashboard/traffic-sources.html]
[demo.themesberg.com/volt-pro/pages/dashboard/app-analysis.html]
[demo.themesberg.com/volt-pro/assets/img/team/profile-picture-1.jpg]
[demo.themesberg.com/volt-pro/assets/img/team/profile-picture-2.jpg]
[demo.themesberg.com/volt-pro/assets/img/team/profile-picture-4.jpg]
[demo.themesberg.com/volt-pro/assets/img/team/profile-picture-5.jpg]
[demo.themesberg.com/volt-pro/assets/img/team/profile-picture-6.jpg]
[demo.themesberg.com/volt-pro/assets/img/team/profile-picture-7.jpg]
[demo.themesberg.com/volt-pro/vendor/@popperjs/core/dist/umd/popper.min.js]
[demo.themesberg.com/volt-pro/vendor/bootstrap/dist/js/bootstrap.min.js]
[demo.themesberg.com/volt-pro/vendor/onscreen/dist/on-screen.umd.min.js]
[demo.themesberg.com/volt-pro/vendor/nouislider/distribute/nouislider.min.js]
[demo.themesberg.com/volt-pro/vendor/smooth-scroll/dist/smooth-scroll.polyfills.min.js]
[demo.themesberg.com/volt-pro/vendor/countup.js/dist/countUp.umd.js]
[demo.themesberg.com/volt-pro/vendor/apexcharts/dist/apexcharts.min.js]
[demo.themesberg.com/volt-pro/vendor/vanillajs-datepicker/dist/js/datepicker.min.js]
[demo.themesberg.com/volt-pro/vendor/simple-datatables/dist/umd/simple-datatables.js]
[demo.themesberg.com/volt-pro/vendor/sweetalert2/dist/sweetalert2.min.js]
[cdnjs.cloudflare.com/ajax/libs/moment.js/2.27.0/moment.min.js]
[demo.themesberg.com/volt-pro/vendor/fullcalendar/main.min.js]
[demo.themesberg.com/volt-pro/vendor/dropzone/dist/min/dropzone.min.js]
[demo.themesberg.com/volt-pro/vendor/choices.js/public/assets/scripts/choices.min.js]
[demo.themesberg.com/volt-pro/vendor/notyf/notyf.min.js]
[demo.themesberg.com/volt-pro/vendor/leaflet/dist/leaflet.js]
[demo.themesberg.com/volt-pro/vendor/svg-pan-zoom/dist/svg-pan-zoom.min.js]
[demo.themesberg.com/volt-pro/vendor/svgmap/dist/svgMap.min.js]
[demo.themesberg.com/volt-pro/vendor/simplebar/dist/simplebar.min.js]
[demo.themesberg.com/volt-pro/vendor/sortablejs/Sortable.min.js]
[buttons.github.io/buttons.js]
[demo.themesberg.com/volt-pro/pages/dashboard/dashboard.html]
[demo.themesberg.com/volt-pro/vendor/sweetalert2/dist/sweetalert2.min.css]
[demo.themesberg.com/volt-pro/vendor/notyf/notyf.min.css]
[demo.themesberg.com/volt-pro/vendor/fullcalendar/main.min.css]
[demo.themesberg.com/volt-pro/vendor/apexcharts/dist/apexcharts.css]
[demo.themesberg.com/volt-pro/vendor/dropzone/dist/min/dropzone.min.css]
[demo.themesberg.com/volt-pro/vendor/choices.js/public/assets/styles/choices.min.css]
[demo.themesberg.com/volt-pro/assets/js/volt.js]
[demo.themesberg.com/volt-pro/vendor/leaflet/dist/images/layers.png]
[demo.themesberg.com/volt-pro/vendor/leaflet/dist/images/layers-2x.png]
[demo.themesberg.com/volt-pro/vendor/leaflet/dist/images/marker-icon.png]
[demo.themesberg.com/volt-pro/vendor/leaflet/dist/leaflet.css]
[demo.themesberg.com/volt-pro/css/volt.css]
[www.googletagmanager.com/gtm5445.html]
[demo.themesberg.com/volt-pro/pages/dashboard/traffic-sources.html]
[demo.themesberg.com/volt-pro/pages/dashboard/app-analysis.html]
[demo.themesberg.com/volt-pro/vendor/@popperjs/core/dist/umd/popper.min.js]
[demo.themesberg.com/volt-pro/vendor/bootstrap/dist/js/bootstrap.min.js]
[demo.themesberg.com/volt-pro/vendor/onscreen/dist/on-screen.umd.min.js]
[demo.themesberg.com/volt-pro/vendor/nouislider/distribute/nouislider.min.js]
[demo.themesberg.com/volt-pro/vendor/smooth-scroll/dist/smooth-scroll.polyfills.min.js]
[demo.themesberg.com/volt-pro/vendor/countup.js/dist/countUp.umd.js]
[demo.themesberg.com/volt-pro/vendor/apexcharts/dist/apexcharts.min.js]
[demo.themesberg.com/volt-pro/vendor/vanillajs-datepicker/dist/js/datepicker.min.js]
[demo.themesberg.com/volt-pro/pages/dashboard/date-cd1c23ce.js]
[demo.themesberg.com/volt-pro/vendor/simple-datatables/dist/umd/simple-datatables.js]
[demo.themesberg.com/volt-pro/vendor/sweetalert2/dist/sweetalert2.min.js]
[demo.themesberg.com/volt-pro/vendor/fullcalendar/main.min.js]
[demo.themesberg.com/volt-pro/vendor/dropzone/dist/min/dropzone.min.js]
[demo.themesberg.com/volt-pro/pages/dashboard/src/index.js]
[demo.themesberg.com/volt-pro/pages/dashboard/src/bitap/bitap_score.js]
[demo.themesberg.com/volt-pro/pages/dashboard/src/bitap/bitap_matched_indices.js]
[demo.themesberg.com/volt-pro/pages/dashboard/src/bitap/bitap_regex_search.js]
[demo.themesberg.com/volt-pro/pages/dashboard/src/bitap/bitap_search.js]
[demo.themesberg.com/volt-pro/pages/dashboard/src/bitap/bitap_pattern_alphabet.js]
[demo.themesberg.com/volt-pro/pages/dashboard/src/helpers/is_array.js]
[demo.themesberg.com/volt-pro/pages/dashboard/src/bitap/index.js]
[demo.themesberg.com/volt-pro/pages/dashboard/src/helpers/deep_value.js]
[demo.themesberg.com/volt-pro/vendor/choices.js/public/assets/scripts/choices.min.js]
[demo.themesberg.com/volt-pro/vendor/notyf/notyf.min.js]
[demo.themesberg.com/volt-pro/vendor/leaflet/dist/leaflet.js]
[demo.themesberg.com/volt-pro/pages/dashboard/svg-pan-zoom.js]
[demo.themesberg.com/volt-pro/vendor/svg-pan-zoom/dist/svg-pan-zoom.min.js]
[demo.themesberg.com/volt-pro/vendor/svgmap/dist/svgMap.min.js]
[demo.themesberg.com/volt-pro/vendor/simplebar/dist/simplebar.min.js]
[demo.themesberg.com/volt-pro/vendor/sortablejs/Sortable.min.js]
[demo.themesberg.com/volt-pro/assets/js/volt.js]
[demo.themesberg.com/volt-pro/pages/dashboard/date-cd1c23ce.html]
[demo.themesberg.com/volt-pro/pages/dashboard/src/index.html]
[demo.themesberg.com/volt-pro/pages/dashboard/src/bitap/bitap_score.html]
[demo.themesberg.com/volt-pro/pages/dashboard/src/bitap/bitap_matched_indices.html]
[demo.themesberg.com/volt-pro/pages/dashboard/src/bitap/bitap_regex_search.html]
[demo.themesberg.com/volt-pro/pages/dashboard/src/bitap/bitap_search.html]
[demo.themesberg.com/volt-pro/pages/dashboard/src/bitap/bitap_pattern_alphabet.html]
[demo.themesberg.com/volt-pro/pages/dashboard/src/helpers/is_array.html]
[demo.themesberg.com/volt-pro/pages/dashboard/src/bitap/index.html]
[demo.themesberg.com/volt-pro/pages/dashboard/src/helpers/deep_value.html]
[demo.themesberg.com/volt-pro/pages/dashboard/svg-pan-zoom.html]
