[prium.github.io/falcon/v3.21.0/dashboard/lms.html]
[backblue.gif]
[fade.gif]
[index.html]
[prium.github.io/falcon/v3.21.0/assets/img/favicons/apple-touch-icon.png]
[prium.github.io/falcon/v3.21.0/assets/img/favicons/favicon-32x32.png]
[prium.github.io/falcon/v3.21.0/assets/img/favicons/favicon-16x16.png]
[prium.github.io/falcon/v3.21.0/assets/img/favicons/mstile-150x150.png]
[prium.github.io/falcon/v3.21.0/assets/js/config.js]
[prium.github.io/falcon/v3.21.0/vendors/simplebar/simplebar.min.js]
[prium.github.io/falcon/v3.21.0/vendors/simplebar/simplebar.min.css]
[prium.github.io/falcon/v3.21.0/assets/css/theme-rtl.min.css]
[prium.github.io/falcon/v3.21.0/assets/css/theme.min.css]
[prium.github.io/falcon/v3.21.0/assets/css/user-rtl.min.css]
[prium.github.io/falcon/v3.21.0/assets/css/user.min.css]
[prium.github.io/falcon/v3.21.0/assets/img/icons/spot-illustrations/falcon.png]
[prium.github.io/falcon/v3.21.0/assets/img/products/3-thumb.png]
[prium.github.io/falcon/v3.21.0/assets/img/icons/zip.png]
[prium.github.io/falcon/v3.21.0/assets/img/team/1.jpg]
[prium.github.io/falcon/v3.21.0/assets/img/team/2.jpg]
[prium.github.io/falcon/v3.21.0/assets/img/team/3.jpg]
[prium.github.io/falcon/v3.21.0/assets/img/team/1-thumb.png]
[prium.github.io/falcon/v3.21.0/assets/img/icons/weather-sm.jpg]
[prium.github.io/falcon/v3.21.0/assets/img/logos/oxford.png]
[prium.github.io/falcon/v3.21.0/assets/img/team/10.jpg]
[prium.github.io/falcon/v3.21.0/assets/img/nav-icons/themewagon.png]
[prium.github.io/falcon/v3.21.0/assets/img/nav-icons/mailbluster.png]
[prium.github.io/falcon/v3.21.0/assets/img/nav-icons/google.png]
[prium.github.io/falcon/v3.21.0/assets/img/nav-icons/spotify.png]
[prium.github.io/falcon/v3.21.0/assets/img/nav-icons/steam.png]
[prium.github.io/falcon/v3.21.0/assets/img/nav-icons/github-light.png]
[prium.github.io/falcon/v3.21.0/assets/img/nav-icons/discord.png]
[prium.github.io/falcon/v3.21.0/assets/img/nav-icons/xbox.png]
[prium.github.io/falcon/v3.21.0/assets/img/nav-icons/trello.png]
[prium.github.io/falcon/v3.21.0/assets/img/nav-icons/hp.png]
[prium.github.io/falcon/v3.21.0/assets/img/nav-icons/linkedin.png]
[prium.github.io/falcon/v3.21.0/assets/img/nav-icons/twitter.png]
[prium.github.io/falcon/v3.21.0/assets/img/nav-icons/facebook.png]
[prium.github.io/falcon/v3.21.0/assets/img/nav-icons/instagram.png]
[prium.github.io/falcon/v3.21.0/assets/img/nav-icons/pinterest.png]
[prium.github.io/falcon/v3.21.0/assets/img/nav-icons/slack.png]
[prium.github.io/falcon/v3.21.0/assets/img/nav-icons/deviantart.png]
[prium.github.io/falcon/v3.21.0/assets/img/team/3-thumb.png]
[prium.github.io/falcon/v3.21.0/dashboard/analytics.html]
[prium.github.io/falcon/v3.21.0/dashboard/crm.html]
[prium.github.io/falcon/v3.21.0/dashboard/e-commerce.html]
[prium.github.io/falcon/v3.21.0/dashboard/project-management.html]
[prium.github.io/falcon/v3.21.0/dashboard/saas.html]
[prium.github.io/falcon/v3.21.0/dashboard/support-desk.html]
[prium.github.io/falcon/v3.21.0/assets/img/icons/spot-illustrations/authentication-corner.png]
[prium.github.io/falcon/v3.21.0/assets/img/icons/spot-illustrations/navbar-vertical.png]
[prium.github.io/falcon/v3.21.0/assets/img/generic/falcon-mode-default.jpg]
[prium.github.io/falcon/v3.21.0/assets/img/generic/falcon-mode-dark.jpg]
[prium.github.io/falcon/v3.21.0/assets/img/generic/falcon-mode-auto.jpg]
[prium.github.io/falcon/v3.21.0/assets/img/generic/default.png]
[prium.github.io/falcon/v3.21.0/assets/img/generic/inverted.png]
[prium.github.io/falcon/v3.21.0/assets/img/generic/card.png]
[prium.github.io/falcon/v3.21.0/assets/img/generic/vibrant.png]
[prium.github.io/falcon/v3.21.0/assets/img/icons/spot-illustrations/47.png]
[prium.github.io/falcon/v3.21.0/vendors/popper/popper.min.js]
[prium.github.io/falcon/v3.21.0/vendors/bootstrap/bootstrap.min.js]
[prium.github.io/falcon/v3.21.0/vendors/anchorjs/anchor.min.js]
[prium.github.io/falcon/v3.21.0/vendors/is/is.min.js]
[prium.github.io/falcon/v3.21.0/vendors/chart/chart.umd.js]
[prium.github.io/falcon/v3.21.0/vendors/countup/countUp.umd.js]
[prium.github.io/falcon/v3.21.0/assets/data/world.js]
[prium.github.io/falcon/v3.21.0/vendors/echarts/echarts.min.js]
[prium.github.io/falcon/v3.21.0/vendors/d3/d3.min.js]
[prium.github.io/falcon/v3.21.0/vendors/lodash/lodash.min.js]
[prium.github.io/falcon/v3.21.0/vendors/list.js/list.min.js]
[prium.github.io/falcon/v3.21.0/vendors/fontawesome/all.min.js]
[prium.github.io/falcon/v3.21.0/dashboard/lms.html]
[prium.github.io/falcon/v3.21.0/vendors/simplebar/simplebar.min.css]
[prium.github.io/falcon/v3.21.0/assets/js/theme.js]
[prium.github.io/falcon/v3.21.0/assets/img/generic/bg-navbar.png]
[prium.github.io/falcon/v3.21.0/assets/css/theme-rtl.min.css]
[prium.github.io/falcon/v3.21.0/assets/css/theme.min.css]
[prium.github.io/falcon/v3.21.0/assets/css/user-rtl.min.css]
[prium.github.io/falcon/v3.21.0/assets/css/user.min.css]
[prium.github.io/falcon/v3.21.0/vendors/leaflet/leaflet.css]
[prium.github.io/falcon/v3.21.0/vendors/leaflet.markercluster/MarkerCluster.css]
[prium.github.io/falcon/v3.21.0/vendors/leaflet.markercluster/MarkerCluster.Default.css]
[prium.github.io/falcon/v3.21.0/assets/img/icons/spot-illustrations/corner-5.png]
[prium.github.io/falcon/v3.21.0/assets/img/icons/connect-circle.png]
[prium.github.io/falcon/v3.21.0/assets/img/icons/chrome-logo.png]
[prium.github.io/falcon/v3.21.0/assets/img/icons/safari-logo.png]
[prium.github.io/falcon/v3.21.0/assets/img/icons/firefox-logo.png]
[prium.github.io/falcon/v3.21.0/assets/img/icons/signal.png]
[prium.github.io/falcon/v3.21.0/vendors/dayjs/dayjs.min.js]
[prium.github.io/falcon/v3.21.0/dashboard/analytics.html]
[prium.github.io/falcon/v3.21.0/vendors/flatpickr/flatpickr.min.css]
[prium.github.io/falcon/v3.21.0/assets/img/illustrations/crm-bar-chart.png]
[prium.github.io/falcon/v3.21.0/assets/img/illustrations/crm-line-chart.png]
[prium.github.io/falcon/v3.21.0/assets/img/crm/india.png]
[prium.github.io/falcon/v3.21.0/assets/img/crm/uae.png]
[prium.github.io/falcon/v3.21.0/assets/img/crm/nepal.png]
[prium.github.io/falcon/v3.21.0/assets/img/team/2-thumb.png]
[prium.github.io/falcon/v3.21.0/assets/img/team/4-thumb.png]
[prium.github.io/falcon/v3.21.0/assets/img/team/5-thumb.png]
[prium.github.io/falcon/v3.21.0/vendors/leaflet/leaflet.js]
[prium.github.io/falcon/v3.21.0/vendors/leaflet.markercluster/leaflet.markercluster.js]
[prium.github.io/falcon/v3.21.0/vendors/leaflet.tilelayer.colorfilter/leaflet-tilelayer-colorfilter.min.js]
[prium.github.io/falcon/v3.21.0/dashboard/crm.html]
[prium.github.io/falcon/v3.21.0/vendors/flatpickr/flatpickr.min.js]
[prium.github.io/falcon/v3.21.0/assets/img/illustrations/ecommerce-bg.png]
[prium.github.io/falcon/v3.21.0/assets/img/ecommerce/1.jpg]
[prium.github.io/falcon/v3.21.0/assets/img/ecommerce/2.jpg]
[prium.github.io/falcon/v3.21.0/assets/img/ecommerce/3.jpg]
[prium.github.io/falcon/v3.21.0/assets/img/ecommerce/4.jpg]
[prium.github.io/falcon/v3.21.0/assets/img/ecommerce/5.jpg]
[prium.github.io/falcon/v3.21.0/assets/img/ecommerce/6.jpg]
[prium.github.io/falcon/v3.21.0/assets/img/ecommerce/7.jpg]
[prium.github.io/falcon/v3.21.0/dashboard/e-commerce.html]
[prium.github.io/falcon/v3.21.0/assets/img/icons/spot-illustrations/corner-3.png]
[prium.github.io/falcon/v3.21.0/assets/img/icons/spot-illustrations/corner-1.png]
[prium.github.io/falcon/v3.21.0/assets/img/icons/spot-illustrations/corner-2.png]
[prium.github.io/falcon/v3.21.0/assets/img/management/activity-1.png]
[prium.github.io/falcon/v3.21.0/assets/img/management/activity-2.png]
[prium.github.io/falcon/v3.21.0/assets/img/management/activity-3.png]
[prium.github.io/falcon/v3.21.0/assets/img/management/activity-4.png]
[prium.github.io/falcon/v3.21.0/assets/img/management/activity-5.png]
[prium.github.io/falcon/v3.21.0/assets/img/management/activity-6.png]
[prium.github.io/falcon/v3.21.0/assets/img/team/16.jpg]
[prium.github.io/falcon/v3.21.0/assets/img/management/activity-7.png]
[prium.github.io/falcon/v3.21.0/assets/img/management/activity-8.png]
[prium.github.io/falcon/v3.21.0/assets/img/management/activity-9.png]
[prium.github.io/falcon/v3.21.0/assets/img/team/7.jpg]
[prium.github.io/falcon/v3.21.0/assets/img/team/9.jpg]
[prium.github.io/falcon/v3.21.0/assets/img/team/12.jpg]
[prium.github.io/falcon/v3.21.0/assets/img/team/avatar.png]
[prium.github.io/falcon/v3.21.0/assets/img/team/25.jpg]
[prium.github.io/falcon/v3.21.0/assets/img/team/13.jpg]
[prium.github.io/falcon/v3.21.0/assets/img/team/5.jpg]
[prium.github.io/falcon/v3.21.0/assets/img/team/18.jpg]
[prium.github.io/falcon/v3.21.0/dashboard/project-management.html]
[prium.github.io/falcon/v3.21.0/vendors/fullcalendar/index.global.min.js]
[prium.github.io/falcon/v3.21.0/assets/img/team/4.jpg]
[prium.github.io/falcon/v3.21.0/assets/img/team/6.jpg]
[prium.github.io/falcon/v3.21.0/assets/img/products/5-thumb.png]
[prium.github.io/falcon/v3.21.0/assets/img/products/2-thumb.png]
[prium.github.io/falcon/v3.21.0/assets/img/icons/docs.png]
[prium.github.io/falcon/v3.21.0/assets/img/logos/atlassian.png]
[prium.github.io/falcon/v3.21.0/assets/img/logos/hubstaff.png]
[prium.github.io/falcon/v3.21.0/assets/img/logos/bs-5.png]
[prium.github.io/falcon/v3.21.0/assets/img/logos/asana-logo.png]
[prium.github.io/falcon/v3.21.0/assets/img/logos/adobe-creative-cloud.png]
[prium.github.io/falcon/v3.21.0/assets/img/logos/coursera.png]
[prium.github.io/falcon/v3.21.0/assets/img/logos/medium.png]
[prium.github.io/falcon/v3.21.0/dashboard/saas.html]
[prium.github.io/falcon/v3.21.0/assets/img/illustrations/ticket-bg.png]
[prium.github.io/falcon/v3.21.0/assets/img/illustrations/ticket-welcome.png]
[prium.github.io/falcon/v3.21.0/assets/img/tickets/hold-tickets.png]
[prium.github.io/falcon/v3.21.0/assets/img/tickets/open-tickets.png]
[prium.github.io/falcon/v3.21.0/assets/img/tickets/due-tickets.png]
[prium.github.io/falcon/v3.21.0/assets/img/tickets/unassigned.png]
[prium.github.io/falcon/v3.21.0/assets/img/team/25-thumb.png]
[prium.github.io/falcon/v3.21.0/assets/img/team/14-thumb.png]
[prium.github.io/falcon/v3.21.0/dashboard/support-desk.html]
[prium.github.io/falcon/v3.21.0/vendors/leaflet/images/layers.png]
[prium.github.io/falcon/v3.21.0/vendors/leaflet/images/layers-2x.png]
[prium.github.io/falcon/v3.21.0/vendors/leaflet/images/marker-icon.png]
[prium.github.io/falcon/v3.21.0/vendors/leaflet/leaflet.css]
[prium.github.io/falcon/v3.21.0/vendors/leaflet.markercluster/MarkerCluster.css]
[prium.github.io/falcon/v3.21.0/vendors/leaflet.markercluster/MarkerCluster.Default.css]
[prium.github.io/falcon/v3.21.0/vendors/flatpickr/flatpickr.min.css]
[prium.github.io/falcon/v3.21.0/vendors/leaflet/images/layers.html]
[prium.github.io/falcon/v3.21.0/vendors/leaflet/images/layers-2x.html]
[prium.github.io/falcon/v3.21.0/vendors/leaflet/images/marker-icon.html]
[polyfill.io/v3/polyfill.min58be.js]
