[spruko.com/demo/xintra/dist/html/index4.html]
[backblue.gif]
[fade.gif]
[index.html]
[spruko.com/demo/xintra/dist/assets/libs/choices.js/public/assets/scripts/choices.min.js]
[spruko.com/demo/xintra/dist/assets/js/main.js]
[spruko.com/demo/xintra/dist/assets/libs/@popperjs/core/umd/popper.min.js]
[spruko.com/demo/xintra/dist/assets/libs/bootstrap/js/bootstrap.bundle.min.js]
[spruko.com/demo/xintra/dist/assets/js/defaultmenu.min.js]
[spruko.com/demo/xintra/dist/assets/libs/node-waves/waves.min.js]
[spruko.com/demo/xintra/dist/assets/js/sticky.js]
[spruko.com/demo/xintra/dist/assets/libs/simplebar/simplebar.min.js]
[spruko.com/demo/xintra/dist/assets/js/simplebar.js]
[spruko.com/demo/xintra/dist/assets/libs/@tarekraafat/autocomplete.js/autoComplete.min.js]
[spruko.com/demo/xintra/dist/assets/libs/@simonwep/pickr/pickr.es5.min.js]
[spruko.com/demo/xintra/dist/assets/libs/flatpickr/flatpickr.min.js]
[spruko.com/demo/xintra/dist/assets/libs/apexcharts/apexcharts.min.js]
[spruko.com/demo/xintra/dist/assets/js/crm-dashboard.js]
[spruko.com/demo/xintra/dist/assets/js/custom.js]
[spruko.com/demo/xintra/dist/assets/js/custom-switcher.min.js]
[spruko.com/demo/xintra/dist/html/index4.html]
[spruko.com/demo/xintra/dist/assets/libs/bootstrap/css/bootstrap.min.css]
[spruko.com/demo/xintra/dist/assets/css/bg-img1-5KUQ4VEU.jpg]
[spruko.com/demo/xintra/dist/assets/css/bg-img2-5SFAKJMF.jpg]
[spruko.com/demo/xintra/dist/assets/css/bg-img3-KUR64AKE.jpg]
[spruko.com/demo/xintra/dist/assets/css/bg-img4-DWDYL2DY.jpg]
[spruko.com/demo/xintra/dist/assets/css/bg-img5-SWTGIEEB.jpg]
[spruko.com/demo/xintra/dist/assets/css/media-84-Q72G4JX5.jpg]
[spruko.com/demo/xintra/dist/assets/css/1-6YN2QKZ7.jpg]
[spruko.com/demo/xintra/dist/assets/css/transparent-YCQASJQ4.png]
[spruko.com/demo/xintra/dist/assets/css/media-67-X6NWQLGT.png]
[spruko.com/demo/xintra/dist/assets/css/media-69-H2WJXLHF.jpg]
[spruko.com/demo/xintra/dist/assets/css/media-70-YRXV2UKN.jpg]
[spruko.com/demo/xintra/dist/assets/css/media-87-MJVL2VA5.png]
[spruko.com/demo/xintra/dist/assets/css/media-89-HFIGZSQC.png]
[spruko.com/demo/xintra/dist/assets/css/35-VQPM2VDM.jpg]
[spruko.com/demo/xintra/dist/assets/css/media-88-XWXEPDVK.jpg]
[spruko.com/demo/xintra/dist/assets/css/media-73-7NMLD3WI.png]
[spruko.com/demo/xintra/dist/assets/css/media-82-JP4UDPYT.jpg]
[spruko.com/demo/xintra/dist/assets/css/media-80-XSQK7UY5.jpg]
[spruko.com/demo/xintra/dist/assets/css/media-72-ODIDMACJ.jpg]
[spruko.com/demo/xintra/dist/assets/css/5-HXPH4CED.jpg]
[spruko.com/demo/xintra/dist/assets/css/media-25-OKB2ORJF.jpg]
[spruko.com/demo/xintra/dist/assets/css/media-35-AH2L4S6Q.jpg]
[spruko.com/demo/xintra/dist/assets/css/styles.css]
[spruko.com/demo/xintra/dist/assets/css/remixicon-ABHKITET117c.eot]
[spruko.com/demo/xintra/dist/assets/css/remixicon-PWIKWM2X117c.woff2]
[spruko.com/demo/xintra/dist/assets/css/remixicon-FWLTZNBS117c.woff]
[spruko.com/demo/xintra/dist/assets/css/remixicon-UOHJBVLL117c.ttf]
[spruko.com/demo/xintra/dist/assets/css/feather-webfont-4QUFNMOI6cfa.eot]
[spruko.com/demo/xintra/dist/assets/css/feather-webfont-XC6AAHIC.ttf]
[spruko.com/demo/xintra/dist/assets/css/bootstrap-icons-6QOYJHKEafdf.woff2]
[spruko.com/demo/xintra/dist/assets/css/bootstrap-icons-JHE3QUSNafdf.woff]
[spruko.com/demo/xintra/dist/assets/css/tabler-icons-TNWK4QAX2d35.eot]
[spruko.com/demo/xintra/dist/assets/css/tabler-icons-TNWK4QAXd41d.eot]
[spruko.com/demo/xintra/dist/assets/css/tabler-icons-RQ6HGPNX2d35.woff2]
[spruko.com/demo/xintra/dist/assets/css/tabler-icons-ES6OZL4Jd41d.woff]
[spruko.com/demo/xintra/dist/assets/css/tabler-icons-ONNXX7BR2d35.ttf]
[spruko.com/demo/xintra/dist/assets/css/la-brands-400-JDUJSY44.eot]
[spruko.com/demo/xintra/dist/assets/css/la-brands-400-JDUJSY44d41d.eot]
[spruko.com/demo/xintra/dist/assets/css/la-brands-400-CIWECNZM.woff2]
[spruko.com/demo/xintra/dist/assets/css/la-brands-400-D3A7B5PJ.woff]
[spruko.com/demo/xintra/dist/assets/css/la-brands-400-INB5BQB2.ttf]
[spruko.com/demo/xintra/dist/assets/css/la-regular-400-PNT4KM2T.eot]
[spruko.com/demo/xintra/dist/assets/css/la-regular-400-PNT4KM2Td41d.eot]
[spruko.com/demo/xintra/dist/assets/css/la-regular-400-X6VKWRSW.woff2]
[spruko.com/demo/xintra/dist/assets/css/la-regular-400-6RPJSTIW.woff]
[spruko.com/demo/xintra/dist/assets/css/la-regular-400-34F2J7YZ.ttf]
[spruko.com/demo/xintra/dist/assets/css/la-solid-900-QVUSAB64.eot]
[spruko.com/demo/xintra/dist/assets/css/la-solid-900-QVUSAB64d41d.eot]
[spruko.com/demo/xintra/dist/assets/css/la-solid-900-RZOHS333.woff2]
[spruko.com/demo/xintra/dist/assets/css/la-solid-900-PXMBKEUD.woff]
[spruko.com/demo/xintra/dist/assets/css/la-solid-900-LAWDUD4I.ttf]
[spruko.com/demo/xintra/dist/assets/css/boxicons-6NVWQSCQ.eot]
[spruko.com/demo/xintra/dist/assets/css/boxicons-AQ5N6WP7.woff2]
[spruko.com/demo/xintra/dist/assets/css/boxicons-5JNJQPUP.woff]
[spruko.com/demo/xintra/dist/assets/css/boxicons-GDR4JU3X.ttf]
[spruko.com/demo/xintra/dist/assets/css/icons.css]
[spruko.com/demo/xintra/dist/assets/libs/node-waves/waves.min.css]
[spruko.com/demo/xintra/dist/assets/libs/simplebar/simplebar.min.css]
[spruko.com/demo/xintra/dist/assets/libs/flatpickr/flatpickr.min.css]
[spruko.com/demo/xintra/dist/assets/libs/@simonwep/pickr/themes/nano.min.css]
[spruko.com/demo/xintra/dist/assets/libs/choices.js/public/assets/styles/choices.min.css]
[spruko.com/demo/xintra/dist/assets/libs/@tarekraafat/autocomplete.js/css/autoComplete.css]
[spruko.com/demo/xintra/dist/assets/css/pattern-2-IKXV2CJT.svg]
[spruko.com/demo/xintra/dist/assets/css/pattern-1-IJFIFZ4Z.svg]
[spruko.com/demo/xintra/dist/assets/css/media-92-EVJRGFI7.svg]
[spruko.com/demo/xintra/dist/assets/css/remixicon-HO57T2DH117c.svg]
[spruko.com/demo/xintra/dist/assets/css/feather-webfont-RJOT3FRU.svg]
[spruko.com/demo/xintra/dist/assets/css/la-brands-400-O3J3RJOS.svg]
[spruko.com/demo/xintra/dist/assets/css/la-regular-400-LYMOBRDA.svg]
[spruko.com/demo/xintra/dist/assets/css/la-solid-900-K3G53YR3.svg]
[spruko.com/demo/xintra/dist/assets/css/boxicons-NNFHLMORd41d.svg]
[spruko.com/demo/xintra/dist/assets/libs/@tarekraafat/autocomplete.js/css/images/search.svg]
